*            NAME                 S          BETPROPX       ERRBETPROPX          ALFPROPX       ERRALFPROPX          BETPROPY       ERRBETPROPY          ALFPROPY       ERRALFPROPY           BETXMDL           BETYMDL           ALFXMDL           ALFYMDL             MDL_S
$          %bpm_s               %le               %le               %le               %le               %le               %le               %le               %le               %le               %le               %le               %le               %le               %le
        MQXB.A2L1           26.2645     199.851318239     34.5030790742     10.0493484524      1.3521280146     59.5099389324     5.56509749233     -1.5234384133    0.342189438165       169.8007996       58.20367168        10.1185341      -1.164344464       23487.31962
