*            NAME                 S            DXPROP         DXPROPERR           DPXPROP        DPXPROPERR            DYPROP         DYPROPERR           DPYPROP        DPYPROPERR           NDXPROP        NDXPROPERR           DXMODEL           DYMODEL          NDXMODEL          DPXMODEL          DYPMODEL           MODEL_S
$          %bpm_s               %le               %le               %le               %le               %le               %le               %le               %le               %le               %le               %le               %le               %le               %le               %le               %le               %le
        MQXB.A2L1           26.2645    0.243384124365 0.000909840625648  -0.0050969747228  0.00831859542816  -0.0231449855959  0.00357481493697 -0.00051702692515 0.000119090942046   0.0156987627931    0.001169422944     -0.0198361133   -0.003893542555 -0.00152225256571    0.001108878791  -0.0002523384439       23487.31962
