@ GetLLMVersion %s "V3.0.0 Dev"
@ Command %s "/usr/bin/python '/afs/cern.ch/work/j/jcoellod/public/Beta-Beat.src/GetLLM/GetLLM.py' '--accel=LHCB1' '--model=/afs/cern.ch/work/j/jcoellod/public/betabeatGui/temp/2015-07-09/models/LHCB1/model_injection_b1/twiss.dat' '--files=/afs/cern.ch/work/j/jcoellod/public/betabeatGui/temp/2015-07-09/LHCB1/Measurements/Beam1@Turn@2015_04_10@23_46_40_802_0.new/Beam1@Turn@2015_04_10@23_46_40_802_0.sdds.new.new,/afs/cern.ch/work/j/jcoellod/public/betabeatGui/temp/2015-07-09/LHCB1/Measurements/Beam1@Turn@2015_04_10@23_50_53_298_0.new/Beam1@Turn@2015_04_10@23_50_53_298_0.sdds.new.new' '--output=/afs/cern.ch/work/j/jcoellod/public/betabeatGui/temp/2015-07-09/LHCB1/Results/10-48-25_NORMALANALYSIS_SUSSIX_1' '--tbtana=SUSSIX' '--bpmu=mm' '--lhcphase=1'"
@ Date %s "09. July 2015, 10:48:27"
@ FILES %s "/afs/cern.ch/work/j/jcoellod/public/betabeatGui/temp/2015-07-09/LHCB1/Measurements/Beam1@Turn@2015_04_10@23_46_40_802_0.new/Beam1@Turn@2015_04_10@23_46_40_802_0.sdds.new.new,/afs/cern.ch/work/j/jcoellod/public/betabeatGui/temp/2015-07-09/LHCB1/Measurements/Beam1@Turn@2015_04_10@23_50_53_298_0.new/Beam1@Turn@2015_04_10@23_50_53_298_0.sdds.new.new"
*            NAME                2L             BETX*          BETX*STD          BETX*MDL             BETY*          BETY*STD          BETY*MDL               PHX            PHXSTD            PHXMDL               PHY            PHYSTD            PHYMDL
$              %s               %le               %le               %le               %le               %le               %le               %le               %le               %le               %le               %le               %le               %le
            "IP5"            43.128    -37.1994800764   0.0537819375982     11.0025193838    -42.7581857615     0.28364623781     11.0064971189    0.832776396699 0.000399350485308        0.34982274    0.851317067335  0.00169797604682        0.34977635
            "IP8"             43.19     9.38521026609    0.118987740737     10.0273687655     10.5614907736   0.0368684675251     10.0046869382    0.369501012828  0.00295047410423        0.36162656    0.355211547208 0.000877089486366        0.36190174
            "IP2"             43.19     9.55401410887 0.000418261146009     10.0044345291     8.89101597166   0.0125417908962     9.99592501408    0.367414137603 1.03119313191e-05      0.3619046339    0.375679059788 0.000316142133547      0.3620080854
