@ GetLLMVersion %s "V3.0.0 Dev"
@ Command %s "/usr/bin/python '/afs/cern.ch/work/j/jcoellod/public/Beta-Beat.src/GetLLM/GetLLM.py' '--accel=LHCB1' '--model=/afs/cern.ch/work/j/jcoellod/public/betabeatGui/temp/2015-07-09/models/LHCB1/model_injection_b1/twiss.dat' '--files=/afs/cern.ch/work/j/jcoellod/public/betabeatGui/temp/2015-07-09/LHCB1/Measurements/Beam1@Turn@2015_04_10@23_46_40_802_0.new/Beam1@Turn@2015_04_10@23_46_40_802_0.sdds.new.new,/afs/cern.ch/work/j/jcoellod/public/betabeatGui/temp/2015-07-09/LHCB1/Measurements/Beam1@Turn@2015_04_10@23_50_53_298_0.new/Beam1@Turn@2015_04_10@23_50_53_298_0.sdds.new.new' '--output=/afs/cern.ch/work/j/jcoellod/public/betabeatGui/temp/2015-07-09/LHCB1/Results/10-48-25_NORMALANALYSIS_SUSSIX_1' '--tbtana=SUSSIX' '--bpmu=mm' '--lhcphase=1'"
@ Date %s "09. July 2015, 10:48:27"
@ FILES %s "/afs/cern.ch/work/j/jcoellod/public/betabeatGui/temp/2015-07-09/LHCB1/Measurements/Beam1@Turn@2015_04_10@23_46_40_802_0.new/Beam1@Turn@2015_04_10@23_46_40_802_0.sdds.new.new,/afs/cern.ch/work/j/jcoellod/public/betabeatGui/temp/2015-07-09/LHCB1/Measurements/Beam1@Turn@2015_04_10@23_50_53_298_0.new/Beam1@Turn@2015_04_10@23_50_53_298_0.sdds.new.new"
*            NAME                2L             BETX*          BETX*STD          BETX*MDL             BETY*          BETY*STD          BETY*MDL               PHX            PHXSTD            PHXMDL               PHY            PHYSTD            PHYMDL
$              %s               %le               %le               %le               %le               %le               %le               %le               %le               %le               %le               %le               %le               %le
            "IP5"            43.128    -37.3131273406   0.0556960124299     11.0025193838    -42.6661135292    0.283167740199     11.0064971189        0.83319737 0.000411677568007        0.34982274        0.85104101  0.00170094536214        0.34977635
            "IP8"             43.19     9.37644904875    0.112928283026     10.0273687655     10.4615204361   0.0362169523467     10.0046869382      0.3696096525  0.00280105148571        0.36162656        0.35640285 0.000864735024849        0.36190174
            "IP2"             43.19      9.5517185252  0.00642688028074     10.0044345291     8.82964388289   0.0128081498031     9.99592501408    0.367442436708 0.000158462629664      0.3619046339    0.376453339002 0.000323501352393      0.3620080854
