@ GetLLMVersion %s "V3.0.0 Dev"
@ Command %s "/usr/bin/python '/afs/cern.ch/work/j/jcoellod/public/Beta-Beat.src/GetLLM/GetLLM.py' '--accel=LHCB1' '--model=/afs/cern.ch/work/j/jcoellod/public/betabeatGui/temp/2015-07-09/models/LHCB1/model_injection_b1/twiss.dat' '--files=/afs/cern.ch/work/j/jcoellod/public/betabeatGui/temp/2015-07-09/LHCB1/Measurements/Beam1@Turn@2015_04_10@23_46_40_802_0.new/Beam1@Turn@2015_04_10@23_46_40_802_0.sdds.new.new,/afs/cern.ch/work/j/jcoellod/public/betabeatGui/temp/2015-07-09/LHCB1/Measurements/Beam1@Turn@2015_04_10@23_50_53_298_0.new/Beam1@Turn@2015_04_10@23_50_53_298_0.sdds.new.new' '--output=/afs/cern.ch/work/j/jcoellod/public/betabeatGui/temp/2015-07-09/LHCB1/Results/10-48-25_NORMALANALYSIS_SUSSIX_1' '--tbtana=SUSSIX' '--bpmu=mm' '--lhcphase=1'"
@ Date %s "09. July 2015, 10:48:27"
@ FILES %s "/afs/cern.ch/work/j/jcoellod/public/betabeatGui/temp/2015-07-09/LHCB1/Measurements/Beam1@Turn@2015_04_10@23_46_40_802_0.new/Beam1@Turn@2015_04_10@23_46_40_802_0.sdds.new.new,/afs/cern.ch/work/j/jcoellod/public/betabeatGui/temp/2015-07-09/LHCB1/Measurements/Beam1@Turn@2015_04_10@23_50_53_298_0.new/Beam1@Turn@2015_04_10@23_50_53_298_0.sdds.new.new"
*            NAME              BETY           BETYSTD           BETYMDL              ALFY           ALFYSTD           ALFYMDL             BETY*          BETY*STD          BETY*MDL               SY*            SY*STD            SY*MDL           rt(2JY)        rt(2JY)STD
$              %s               %le               %le               %le               %le               %le               %le               %le               %le               %le               %le               %le               %le               %le               %le
            "IP5"               nan               nan     10.8933278827               nan               nan   0.0681051110141               nan               nan     10.8430345688               nan               nan    0.738466073037               nan               nan
            "IP2"     9.57669814926  0.00990804103456     10.6490819751    0.125977456102   0.0043969557745   0.0263290815484     9.42692970403   0.0200331994098     10.6417049267     1.18749253788   0.0389260614987    0.280186316828   0.0361535801351  0.00582204721565
