@ GetLLMVersion %s "V3.0.0 Dev"
@ Command %s "/usr/bin/python '/afs/cern.ch/work/j/jcoellod/public/Beta-Beat.src/GetLLM/GetLLM.py' '--accel=LHCB2' '--model=/afs/cern.ch/work/j/jcoellod/public/betabeatGui/temp/2015-07-09/models/LHCB2/model_inj_b2/twiss.dat' '--files=/afs/cern.ch/work/j/jcoellod/public/betabeatGui/temp/2015-07-09/LHCB2/Measurements/Beam2@Turn@2015_04_10@23_33_41_516_0.new/Beam2@Turn@2015_04_10@23_33_41_516_0.sdds.new.new,/afs/cern.ch/work/j/jcoellod/public/betabeatGui/temp/2015-07-09/LHCB2/Measurements/Beam2@Turn@2015_04_10@23_40_53_697_0.new/Beam2@Turn@2015_04_10@23_40_53_697_0.sdds.new.new' '--output=/afs/cern.ch/work/j/jcoellod/public/betabeatGui/temp/2015-07-09/LHCB2/Results/11-01-27_NORMALANALYSIS_SUSSIX_1' '--tbtana=SUSSIX' '--bpmu=mm' '--lhcphase=1'"
@ Date %s "09. July 2015, 11:01:28"
@ FILES %s "/afs/cern.ch/work/j/jcoellod/public/betabeatGui/temp/2015-07-09/LHCB2/Measurements/Beam2@Turn@2015_04_10@23_33_41_516_0.new/Beam2@Turn@2015_04_10@23_33_41_516_0.sdds.new.new,/afs/cern.ch/work/j/jcoellod/public/betabeatGui/temp/2015-07-09/LHCB2/Measurements/Beam2@Turn@2015_04_10@23_40_53_697_0.new/Beam2@Turn@2015_04_10@23_40_53_697_0.sdds.new.new"
*            NAME              BETY           BETYSTD           BETYMDL              ALFY           ALFYSTD           ALFYMDL             BETY*          BETY*STD          BETY*MDL               SY*            SY*STD            SY*MDL          rt(2JYD)       rt(2JYD)STD
$              %s               %le               %le               %le               %le               %le               %le               %le               %le               %le               %le               %le               %le               %le               %le
            "IP1"     13.6412658393    0.025883881945     11.0040592347   0.0440917360736  0.00202775704442 6.63774814085e-05     13.6147375182   0.0234037722625     11.0040591862    0.600344870529   0.0286392928603 0.000730421734051   0.0784112125325  0.00608300052592
            "IP8"     10.5983851588  0.00530089489992     9.99744054027   -0.303643083134  0.00371365135546 0.000131054071244     9.70362030418   0.0151831074372     9.99744036857    -2.94638080195   0.0314256171417  0.00131020526232   0.0778331145243   0.0058714772437
