@ GetLLMVersion %s "V3.0.0 Dev"
@ Command %s "/usr/bin/python '/afs/cern.ch/work/j/jcoellod/public/Beta-Beat.src/GetLLM/GetLLM.py' '--accel=LHCB2' '--model=/afs/cern.ch/work/j/jcoellod/public/betabeatGui/temp/2014-11-25/models/LHCB2/modelb2/twiss.dat' '--files=/afs/cern.ch/work/j/jcoellod/public/betabeatGui/temp/2014-11-25/LHCB2/Measurements/Beam2@Turn@2012_11_27@03_47_22_884_0.new.new/Beam2@Turn@2012_11_27@03_47_22_884_0.sdds.new.new.new,/afs/cern.ch/work/j/jcoellod/public/betabeatGui/temp/2014-11-25/LHCB2/Measurements/Beam2@Turn@2012_11_27@03_48_43_696_0.new.new/Beam2@Turn@2012_11_27@03_48_43_696_0.sdds.new.new.new,/afs/cern.ch/work/j/jcoellod/public/betabeatGui/temp/2014-11-25/LHCB2/Measurements/Beam2@Turn@2012_11_27@03_49_55_668_0.new.new/Beam2@Turn@2012_11_27@03_49_55_668_0.sdds.new.new.new' '--output=/afs/cern.ch/work/j/jcoellod/public/betabeatGui/temp/2014-11-25/LHCB2/Results/17-34-42_NORMALANALYSIS_SUSSIX_1' '--tbtana=SUSSIX' '--bpmu=mm'"
@ Date %s "25. November 2014, 17:34:42"
@ FILES %s "/afs/cern.ch/work/j/jcoellod/public/betabeatGui/temp/2014-11-25/LHCB2/Measurements/Beam2@Turn@2012_11_27@03_47_22_884_0.new.new/Beam2@Turn@2012_11_27@03_47_22_884_0.sdds.new.new.new,/afs/cern.ch/work/j/jcoellod/public/betabeatGui/temp/2014-11-25/LHCB2/Measurements/Beam2@Turn@2012_11_27@03_48_43_696_0.new.new/Beam2@Turn@2012_11_27@03_48_43_696_0.sdds.new.new.new,/afs/cern.ch/work/j/jcoellod/public/betabeatGui/temp/2014-11-25/LHCB2/Measurements/Beam2@Turn@2012_11_27@03_49_55_668_0.new.new/Beam2@Turn@2012_11_27@03_49_55_668_0.sdds.new.new.new"
*            NAME                2L             BETX*          BETX*STD          BETX*MDL             BETY*          BETY*STD          BETY*MDL               PHX            PHXSTD            PHXMDL               PHY            PHYSTD            PHYMDL
$              %s               %le               %le               %le               %le               %le               %le               %le               %le               %le               %le               %le               %le               %le
            "IP1"            42.978     10.5332112698    0.181788757887     11.0002461026     13.2944863364    0.076789017896     10.9963366669    0.354930019849  0.00434226885079       0.349400199    0.323646570915  0.00164520721395       0.349446065
            "IP5"             42.95     10.7427810823   0.0534185587372     10.9979252829     11.8029431691    0.096020815573     10.9883087521    0.352353766086  0.00126661215276        0.34934329    0.340034581276  0.00218613237437        0.34945624
            "IP8"             43.19     75.6075512027     2.70654744941     10.0025058001     122.663486461     1.31142553793     10.0015716877   0.0885576730748  0.00601811606963        0.36192822    0.055470278934  0.00116222516813        0.36193955
            "IP2"             43.19     10.0230804552   0.0521045757194     9.99957622754     12.5114919109    0.123517218753     10.0020063178    0.361678609566  0.00126378916748        0.36196377    0.332851615561   0.0027261856954        0.36193428
