@ GetLLMVersion %s "V3.0.0 Dev"
@ Command %s "/usr/bin/python '/afs/cern.ch/work/j/jcoellod/public/Beta-Beat.src/GetLLM/GetLLM.py' '--accel=LHCB2' '--model=/afs/cern.ch/work/j/jcoellod/public/betabeatGui/temp/2014-11-25/models/LHCB2/modelb2/twiss.dat' '--files=/afs/cern.ch/work/j/jcoellod/public/betabeatGui/temp/2014-11-25/LHCB2/Measurements/Beam2@Turn@2012_11_27@03_47_22_884_0.new.new/Beam2@Turn@2012_11_27@03_47_22_884_0.sdds.new.new.new,/afs/cern.ch/work/j/jcoellod/public/betabeatGui/temp/2014-11-25/LHCB2/Measurements/Beam2@Turn@2012_11_27@03_48_43_696_0.new.new/Beam2@Turn@2012_11_27@03_48_43_696_0.sdds.new.new.new,/afs/cern.ch/work/j/jcoellod/public/betabeatGui/temp/2014-11-25/LHCB2/Measurements/Beam2@Turn@2012_11_27@03_49_55_668_0.new.new/Beam2@Turn@2012_11_27@03_49_55_668_0.sdds.new.new.new' '--output=/afs/cern.ch/work/j/jcoellod/public/betabeatGui/temp/2014-11-25/LHCB2/Results/17-34-42_NORMALANALYSIS_SUSSIX_1' '--tbtana=SUSSIX' '--bpmu=mm'"
@ Date %s "25. November 2014, 17:34:42"
@ FILES %s "/afs/cern.ch/work/j/jcoellod/public/betabeatGui/temp/2014-11-25/LHCB2/Measurements/Beam2@Turn@2012_11_27@03_47_22_884_0.new.new/Beam2@Turn@2012_11_27@03_47_22_884_0.sdds.new.new.new,/afs/cern.ch/work/j/jcoellod/public/betabeatGui/temp/2014-11-25/LHCB2/Measurements/Beam2@Turn@2012_11_27@03_48_43_696_0.new.new/Beam2@Turn@2012_11_27@03_48_43_696_0.sdds.new.new.new,/afs/cern.ch/work/j/jcoellod/public/betabeatGui/temp/2014-11-25/LHCB2/Measurements/Beam2@Turn@2012_11_27@03_49_55_668_0.new.new/Beam2@Turn@2012_11_27@03_49_55_668_0.sdds.new.new.new"
*            NAME              BETX           BETXSTD           BETXMDL              ALFX           ALFXSTD           ALFXMDL             BETX*          BETX*STD          BETX*MDL               SX*            SX*STD            SX*MDL          rt(2JXD)       rt(2JXD)STD
$              %s               %le               %le               %le               %le               %le               %le               %le               %le               %le               %le               %le               %le               %le               %le
            "IP1"     10.5738382235    0.320768034509      11.000247114   -0.117986588631   0.0126714337335 0.000303227078798     10.5504712294    0.336360154967     11.0002461026     -1.2095422105    0.104436289663  0.00333557249175   0.0129806869277 0.000251068532427
            "IP5"     10.7653303844    0.103464878041     10.9979262543   0.0800872188379   0.0145136474593 0.000297189843909     10.7618480974    0.116280121733     10.9979252829    0.913813404693    0.159707451339  0.00326847169815   0.0136868081163 7.11503905998e-05
            "IP8"      76.631942237     5.69097484792      10.002506174     -0.2176574514  0.00235255858528 0.000193334979949     72.8578986661     5.48407291411     10.0025058001    -16.4100610965     1.07906429265  0.00193383425831    0.010934238574    0.000364882018
            "IP2"      10.024499036    0.108097037008      9.9995772816   0.0363661396386   0.0261255689309 0.000324670457964     10.0268063076    0.110945221906     9.99957622754    0.381356058834    0.276166469607  0.00324656699324   0.0136270372871 5.16892355563e-05
