@ GetLLMVersion %s "V3.0.0 Dev"
@ Command %s "/usr/bin/python '/afs/cern.ch/work/j/jcoellod/public/Beta-Beat.src/GetLLM/GetLLM.py' '--accel=LHCB2' '--model=/afs/cern.ch/work/j/jcoellod/public/betabeatGui/temp/2014-11-25/models/LHCB2/modelb2/twiss.dat' '--files=/afs/cern.ch/work/j/jcoellod/public/betabeatGui/temp/2014-11-25/LHCB2/Measurements/Beam2@Turn@2012_11_27@03_47_22_884_0.new.new/Beam2@Turn@2012_11_27@03_47_22_884_0.sdds.new.new.new,/afs/cern.ch/work/j/jcoellod/public/betabeatGui/temp/2014-11-25/LHCB2/Measurements/Beam2@Turn@2012_11_27@03_48_43_696_0.new.new/Beam2@Turn@2012_11_27@03_48_43_696_0.sdds.new.new.new,/afs/cern.ch/work/j/jcoellod/public/betabeatGui/temp/2014-11-25/LHCB2/Measurements/Beam2@Turn@2012_11_27@03_49_55_668_0.new.new/Beam2@Turn@2012_11_27@03_49_55_668_0.sdds.new.new.new' '--output=/afs/cern.ch/work/j/jcoellod/public/betabeatGui/temp/2014-11-25/LHCB2/Results/17-34-42_NORMALANALYSIS_SUSSIX_1' '--tbtana=SUSSIX' '--bpmu=mm'"
@ Date %s "25. November 2014, 17:34:42"
@ FILES %s "/afs/cern.ch/work/j/jcoellod/public/betabeatGui/temp/2014-11-25/LHCB2/Measurements/Beam2@Turn@2012_11_27@03_47_22_884_0.new.new/Beam2@Turn@2012_11_27@03_47_22_884_0.sdds.new.new.new,/afs/cern.ch/work/j/jcoellod/public/betabeatGui/temp/2014-11-25/LHCB2/Measurements/Beam2@Turn@2012_11_27@03_48_43_696_0.new.new/Beam2@Turn@2012_11_27@03_48_43_696_0.sdds.new.new.new,/afs/cern.ch/work/j/jcoellod/public/betabeatGui/temp/2014-11-25/LHCB2/Measurements/Beam2@Turn@2012_11_27@03_49_55_668_0.new.new/Beam2@Turn@2012_11_27@03_49_55_668_0.sdds.new.new.new"
*            NAME              BETX           BETXSTD           BETXMDL              ALFX           ALFXSTD           ALFXMDL             BETX*          BETX*STD          BETX*MDL               SX*            SX*STD            SX*MDL          rt(2JXD)       rt(2JXD)STD
$              %s               %le               %le               %le               %le               %le               %le               %le               %le               %le               %le               %le               %le               %le               %le
            "IP1"      10.648862303       0.338882717      11.000247114   -0.115104630506   0.0135841726628 0.000303227078798     10.5088180784    0.365665795467     11.0002461026    -1.20482084431    0.101379667248  0.00333557249175   0.0129806869277 0.000251068532427
            "IP5"     10.7979175677   0.0871839657937     10.9979262543   0.0786387743047   0.0151482923135 0.000297189843909      10.729364354    0.111427536341     10.9979252829    0.842079302673    0.154041822795  0.00326847169815   0.0136868081163 7.11503905998e-05
            "IP8"     76.4704848799     5.60744401868      10.002506174   -0.293647179792  0.00261893423053 0.000193334979949     70.4069458233     5.26516143694     10.0025058001    -20.6610803923     1.35542304137  0.00193383425831    0.010934238574    0.000364882018
            "IP2"     10.0407163308   0.0877235305044      9.9995772816   0.0373625060547   0.0270974126721 0.000324670457964     10.0195907219     0.10767084908     9.99957622754    0.371442281156    0.267473835216  0.00324656699324   0.0136270372871 5.16892355563e-05
