@ GetLLMVersion %s "V3.0.0 Dev"
@ Command %s "/usr/bin/python '/afs/cern.ch/work/j/jcoellod/public/Beta-Beat.src/GetLLM/GetLLM.py' '--accel=LHCB2' '--model=/afs/cern.ch/work/j/jcoellod/public/betabeatGui/temp/2014-11-25/models/LHCB2/modelb2/twiss.dat' '--files=/afs/cern.ch/work/j/jcoellod/public/betabeatGui/temp/2014-11-25/LHCB2/Measurements/Beam2@Turn@2012_11_27@03_47_22_884_0.new.new/Beam2@Turn@2012_11_27@03_47_22_884_0.sdds.new.new.new,/afs/cern.ch/work/j/jcoellod/public/betabeatGui/temp/2014-11-25/LHCB2/Measurements/Beam2@Turn@2012_11_27@03_48_43_696_0.new.new/Beam2@Turn@2012_11_27@03_48_43_696_0.sdds.new.new.new,/afs/cern.ch/work/j/jcoellod/public/betabeatGui/temp/2014-11-25/LHCB2/Measurements/Beam2@Turn@2012_11_27@03_49_55_668_0.new.new/Beam2@Turn@2012_11_27@03_49_55_668_0.sdds.new.new.new' '--output=/afs/cern.ch/work/j/jcoellod/public/betabeatGui/temp/2014-11-25/LHCB2/Results/17-34-42_NORMALANALYSIS_SUSSIX_1' '--tbtana=SUSSIX' '--bpmu=mm'"
@ Date %s "25. November 2014, 17:34:42"
@ RescalingFactor_for_X %le 0.979203821554
@ RescalingFactor_for_Y %le 0.985053986118
@ FILES %s ""
*             DPP                QX             QXRMS                QY             QYRMS             NATQX          NATQXRMS             NATQY          NATQYRMS           sqrt2JX        sqrt2JXSTD           sqrt2JY        sqrt2JYSTD               2JX            2JXSTD               2JY            2JYSTD        sqrt2JXRES     sqrt2JXSTDRES        sqrt2JYRES     sqrt2JYSTDRES            2JXRES         2JXSTDRES            2JYRES         2JYSTDRES
$             %le               %le               %le               %le               %le               %le               %le               %le               %le               %le               %le               %le               %le               %le               %le               %le               %le               %le               %le               %le               %le               %le               %le               %le               %le
              0.0         0.2699745      5.016194e-06         0.3199508      5.902558e-07         0.2798536       0.000611062         0.3199508      5.902558e-07   0.0313559912266  0.00223457360424   0.0517828424516   0.0049722400453 0.000983198185802  0.00014013454066  0.00268146277237 0.000514953445795   0.0289642814274  0.00206412925287   0.0519726192418  0.00499046260148 0.000838929598603 0.000119572041165  0.00270115315085 0.000518734825254
              0.0         0.2699624      0.0002949115         0.3199507       2.49203e-06          0.279838      0.0004237389         0.3199507       2.49203e-06   0.0314018045179  0.00194536555333   0.0518879601497  0.00461481066414 0.000986073326984 0.000122175977643   0.0026923604085 0.000478906223679   0.0290066002638   0.0017969808372   0.0520781221814  0.00463172329221 0.000841382858864 0.000104248609653  0.00271213080994 0.000482422903044
              0.0          0.269982      0.0001711448          0.319951      2.024564e-06         0.2798944      0.0003293374          0.319951      2.024564e-06   0.0313491767995  0.00192291053457   0.0518572912014  0.00462056996166 0.000982770886004 0.000120563324635  0.00268917865074 0.000479220484036   0.0289579867775  0.00177623859761   0.0520473408357  0.00463750369674 0.000838564998207 0.000102872587646  0.00270892568806 0.000482739471062
