@ GetLLMVersion %s "V3.0.0 Dev"
@ Command %s "/usr/bin/python '/afs/cern.ch/work/j/jcoellod/public/Beta-Beat.src/GetLLM/GetLLM.py' '--accel=LHCB2' '--model=/afs/cern.ch/work/j/jcoellod/public/betabeatGui/temp/2014-11-25/models/LHCB2/modelb2/twiss.dat' '--files=/afs/cern.ch/work/j/jcoellod/public/betabeatGui/temp/2014-11-25/LHCB2/Measurements/Beam2@Turn@2012_11_27@03_47_22_884_0.new.new/Beam2@Turn@2012_11_27@03_47_22_884_0.sdds.new.new.new,/afs/cern.ch/work/j/jcoellod/public/betabeatGui/temp/2014-11-25/LHCB2/Measurements/Beam2@Turn@2012_11_27@03_48_43_696_0.new.new/Beam2@Turn@2012_11_27@03_48_43_696_0.sdds.new.new.new,/afs/cern.ch/work/j/jcoellod/public/betabeatGui/temp/2014-11-25/LHCB2/Measurements/Beam2@Turn@2012_11_27@03_49_55_668_0.new.new/Beam2@Turn@2012_11_27@03_49_55_668_0.sdds.new.new.new' '--output=/afs/cern.ch/work/j/jcoellod/public/betabeatGui/temp/2014-11-25/LHCB2/Results/17-34-42_NORMALANALYSIS_SUSSIX_1' '--tbtana=SUSSIX' '--bpmu=mm'"
@ Date %s "25. November 2014, 17:34:42"
@ Threshold_for_abs(beta_d-beta_m)/beta_m %le 0.15
@ Threshold_for_uncert(beta_d)/beta_d %le 0.15
@ X_BPMs_Rejected %le 11
@ Y_BPMs_Rejected %le 62
@ FILES %s ""
*             DPP                QX             QXRMS                QY             QYRMS             NATQX          NATQXRMS             NATQY          NATQYRMS           sqrt2JX        sqrt2JXSTD           sqrt2JY        sqrt2JYSTD               2JX            2JXSTD               2JY            2JYSTD
$             %le               %le               %le               %le               %le               %le               %le               %le               %le               %le               %le               %le               %le               %le               %le               %le               %le
              0.0         0.2699745      5.016194e-06         0.3199508      5.902558e-07         0.2798536       0.000611062         0.3199508      5.902558e-07   0.0370562326062  0.00497652886975   0.0553920364902  0.00590352032636  0.00139368660691 0.000493996711196  0.00308235040157  0.00074525388996
              0.0         0.2699624      0.0002949115         0.3199507       2.49203e-06          0.279838      0.0004237389         0.3199507       2.49203e-06   0.0382331643566  0.00478728036347   0.0555976608266  0.00646813381397   0.0014757618035 0.000427673705437  0.00311611366846 0.000834869258804
              0.0          0.269982      0.0001711448          0.319951      2.024564e-06         0.2798944      0.0003293374          0.319951      2.024564e-06   0.0366250109833  0.00476578058794   0.0554849320873   0.0075881089736  0.00135777594482 0.000432541720456  0.00309532008206 0.000893858155433
