@ GetLLMVersion %s "V3.0.0 Dev"
@ Command %s "/usr/bin/python '/afs/cern.ch/work/j/jcoellod/public/Beta-Beat.src/GetLLM/GetLLM.py' '--accel=LHCB1' '--model=/afs/cern.ch/work/j/jcoellod/public/betabeatGui/temp/2014-11-25/models/LHCB1/modelb1/twiss.dat' '--files=/afs/cern.ch/work/j/jcoellod/public/betabeatGui/temp/2014-11-25/LHCB1/Measurements/Beam1@Turn@2012_11_27@03_46_15_145_0.new.new/Beam1@Turn@2012_11_27@03_46_15_145_0.sdds.new.new.new,/afs/cern.ch/work/j/jcoellod/public/betabeatGui/temp/2014-11-25/LHCB1/Measurements/Beam1@Turn@2012_11_27@03_47_35_008_0.new.new/Beam1@Turn@2012_11_27@03_47_35_008_0.sdds.new.new.new,/afs/cern.ch/work/j/jcoellod/public/betabeatGui/temp/2014-11-25/LHCB1/Measurements/Beam1@Turn@2012_11_27@03_48_53_899_0.new.new/Beam1@Turn@2012_11_27@03_48_53_899_0.sdds.new.new.new,/afs/cern.ch/work/j/jcoellod/public/betabeatGui/temp/2014-11-25/LHCB1/Measurements/Beam1@Turn@2012_11_27@03_50_07_625_0.new.new/Beam1@Turn@2012_11_27@03_50_07_625_0.sdds.new.new.new' '--output=/afs/cern.ch/work/j/jcoellod/public/betabeatGui/temp/2014-11-25/LHCB1/Results/16-43-49_NORMALANALYSIS_SUSSIX_1' '--tbtana=SUSSIX' '--bpmu=mm'"
@ Date %s "25. November 2014, 16:43:49"
@ FILES %s "/afs/cern.ch/work/j/jcoellod/public/betabeatGui/temp/2014-11-25/LHCB1/Measurements/Beam1@Turn@2012_11_27@03_46_15_145_0.new.new/Beam1@Turn@2012_11_27@03_46_15_145_0.sdds.new.new.new,/afs/cern.ch/work/j/jcoellod/public/betabeatGui/temp/2014-11-25/LHCB1/Measurements/Beam1@Turn@2012_11_27@03_47_35_008_0.new.new/Beam1@Turn@2012_11_27@03_47_35_008_0.sdds.new.new.new,/afs/cern.ch/work/j/jcoellod/public/betabeatGui/temp/2014-11-25/LHCB1/Measurements/Beam1@Turn@2012_11_27@03_48_53_899_0.new.new/Beam1@Turn@2012_11_27@03_48_53_899_0.sdds.new.new.new,/afs/cern.ch/work/j/jcoellod/public/betabeatGui/temp/2014-11-25/LHCB1/Measurements/Beam1@Turn@2012_11_27@03_50_07_625_0.new.new/Beam1@Turn@2012_11_27@03_50_07_625_0.sdds.new.new.new"
*            NAME              BETX           BETXSTD           BETXMDL              ALFX           ALFXSTD           ALFXMDL             BETX*          BETX*STD          BETX*MDL               SX*            SX*STD            SX*MDL          rt(2JXD)       rt(2JXD)STD
$              %s               %le               %le               %le               %le               %le               %le               %le               %le               %le               %le               %le               %le               %le               %le
            "IP1"     11.2045487585    0.194145979133     11.0000027774    0.134772287846   0.0144462741757 0.000363549515205     10.8999588554    0.146270170653     11.0000013236     1.55235392067    0.185166137961  0.00399904514844   0.0184812165252 6.64631599119e-05
            "IP5"     12.2260625548    0.305965436203     10.9999994412  0.00640694612564   0.0163285349459 1.21558222599e-07     12.2187015901    0.316476668346     10.9999994412   0.0976630394244    0.179510191924 1.33714038067e-06   0.0186076924213 0.000302010313476
            "IP8"     10.3400906626    0.174394517083     9.99999949788  -0.0474095610248   0.0128546166913 1.21568259459e-07     10.3383811929    0.176736155163     9.99999949788   -0.454101630929    0.123234160791 1.21568253355e-06   0.0178724809529 0.000110719621794
            "IP2"      71.632563722    0.790593833405     9.99999914912   -0.162509457916  0.00191993425264 -3.6748376786e-08      68.225639433    0.807534573247     9.99999914912    -14.6995431533   0.0580930494975 -3.67483736592e-07   0.0156743075653 0.000194526681084
