@ GetLLMVersion %s "V3.0.0 Dev"
@ Command %s "/usr/bin/python '/afs/cern.ch/work/j/jcoellod/public/Beta-Beat.src/GetLLM/GetLLM.py' '--accel=LHCB1' '--model=/afs/cern.ch/work/j/jcoellod/public/betabeatGui/temp/2014-11-25/models/LHCB1/modelb1/twiss.dat' '--files=/afs/cern.ch/work/j/jcoellod/public/betabeatGui/temp/2014-11-25/LHCB1/Measurements/Beam1@Turn@2012_11_27@03_46_15_145_0.new.new/Beam1@Turn@2012_11_27@03_46_15_145_0.sdds.new.new.new,/afs/cern.ch/work/j/jcoellod/public/betabeatGui/temp/2014-11-25/LHCB1/Measurements/Beam1@Turn@2012_11_27@03_47_35_008_0.new.new/Beam1@Turn@2012_11_27@03_47_35_008_0.sdds.new.new.new,/afs/cern.ch/work/j/jcoellod/public/betabeatGui/temp/2014-11-25/LHCB1/Measurements/Beam1@Turn@2012_11_27@03_48_53_899_0.new.new/Beam1@Turn@2012_11_27@03_48_53_899_0.sdds.new.new.new,/afs/cern.ch/work/j/jcoellod/public/betabeatGui/temp/2014-11-25/LHCB1/Measurements/Beam1@Turn@2012_11_27@03_50_07_625_0.new.new/Beam1@Turn@2012_11_27@03_50_07_625_0.sdds.new.new.new' '--output=/afs/cern.ch/work/j/jcoellod/public/betabeatGui/temp/2014-11-25/LHCB1/Results/16-43-49_NORMALANALYSIS_SUSSIX_1' '--tbtana=SUSSIX' '--bpmu=mm'"
@ Date %s "25. November 2014, 16:43:49"
@ FILES %s "/afs/cern.ch/work/j/jcoellod/public/betabeatGui/temp/2014-11-25/LHCB1/Measurements/Beam1@Turn@2012_11_27@03_46_15_145_0.new.new/Beam1@Turn@2012_11_27@03_46_15_145_0.sdds.new.new.new,/afs/cern.ch/work/j/jcoellod/public/betabeatGui/temp/2014-11-25/LHCB1/Measurements/Beam1@Turn@2012_11_27@03_47_35_008_0.new.new/Beam1@Turn@2012_11_27@03_47_35_008_0.sdds.new.new.new,/afs/cern.ch/work/j/jcoellod/public/betabeatGui/temp/2014-11-25/LHCB1/Measurements/Beam1@Turn@2012_11_27@03_48_53_899_0.new.new/Beam1@Turn@2012_11_27@03_48_53_899_0.sdds.new.new.new,/afs/cern.ch/work/j/jcoellod/public/betabeatGui/temp/2014-11-25/LHCB1/Measurements/Beam1@Turn@2012_11_27@03_50_07_625_0.new.new/Beam1@Turn@2012_11_27@03_50_07_625_0.sdds.new.new.new"
*            NAME                2L             BETX*          BETX*STD          BETX*MDL             BETY*          BETY*STD          BETY*MDL               PHX            PHXSTD            PHXMDL               PHY            PHYSTD            PHYMDL
$              %s               %le               %le               %le               %le               %le               %le               %le               %le               %le               %le               %le               %le               %le
            "IP1"            42.978     11.6013014792   0.0790701602624     11.6308269534     11.6192179389   0.0896085116629     10.4912120031       0.342425825  0.00181382387151        0.34205993         0.3422204  0.00205413459759        0.35537093
            "IP5"             42.95     11.5840846257    0.157670456934     10.3644861542     9.82984979439   0.0288775521929     10.7496870642         0.3425367    0.003620588138        0.35685752        0.36335996  0.00070777291503        0.35216315
            "IP8"             43.19     9.76324190024     0.08792431172     9.42422126337     10.5279660834   0.0410782531056     9.34632284304       0.364844225  0.00215211270195        0.36900712      0.3556105625 0.000978436054665        0.36998113
            "IP2"             43.19     71.2187534122      0.3989044693      9.8583070784     150.974124641     3.66142065568     10.6636992688       0.093713275 0.000990178775209      0.3636017581       0.045223575  0.00216412338301      0.3539850485
