@ GetLLMVersion %s "V3.0.0 Dev"
@ Command %s "/usr/bin/python '/afs/cern.ch/work/j/jcoellod/public/Beta-Beat.src/GetLLM/GetLLM.py' '--accel=LHCB1' '--model=/afs/cern.ch/work/j/jcoellod/public/betabeatGui/temp/2014-11-25/models/LHCB1/modelb1/twiss.dat' '--files=/afs/cern.ch/work/j/jcoellod/public/betabeatGui/temp/2014-11-25/LHCB1/Measurements/Beam1@Turn@2012_11_27@03_46_15_145_0.new.new/Beam1@Turn@2012_11_27@03_46_15_145_0.sdds.new.new.new,/afs/cern.ch/work/j/jcoellod/public/betabeatGui/temp/2014-11-25/LHCB1/Measurements/Beam1@Turn@2012_11_27@03_47_35_008_0.new.new/Beam1@Turn@2012_11_27@03_47_35_008_0.sdds.new.new.new,/afs/cern.ch/work/j/jcoellod/public/betabeatGui/temp/2014-11-25/LHCB1/Measurements/Beam1@Turn@2012_11_27@03_48_53_899_0.new.new/Beam1@Turn@2012_11_27@03_48_53_899_0.sdds.new.new.new,/afs/cern.ch/work/j/jcoellod/public/betabeatGui/temp/2014-11-25/LHCB1/Measurements/Beam1@Turn@2012_11_27@03_50_07_625_0.new.new/Beam1@Turn@2012_11_27@03_50_07_625_0.sdds.new.new.new' '--output=/afs/cern.ch/work/j/jcoellod/public/betabeatGui/temp/2014-11-25/LHCB1/Results/16-43-49_NORMALANALYSIS_SUSSIX_1' '--tbtana=SUSSIX' '--bpmu=mm'"
@ Date %s "25. November 2014, 16:43:49"
@ Threshold_for_abs(beta_d-beta_m)/beta_m %le 0.15
@ Threshold_for_uncert(beta_d)/beta_d %le 0.15
@ X_BPMs_Rejected %le 33
@ Y_BPMs_Rejected %le 11
@ FILES %s ""
*             DPP                QX             QXRMS                QY             QYRMS             NATQX          NATQXRMS             NATQY          NATQYRMS           sqrt2JX        sqrt2JXSTD           sqrt2JY        sqrt2JYSTD               2JX            2JXSTD               2JY            2JYSTD
$             %le               %le               %le               %le               %le               %le               %le               %le               %le               %le               %le               %le               %le               %le               %le               %le               %le
              0.0         0.2699754      3.132125e-07         0.3199505      1.604472e-07         0.2797581      0.0001959118         0.3199505      1.604472e-07   0.0490455808016  0.00341041027773   0.0589932677878  0.00219742189348  0.00239796739998 0.000421619884736  0.00350025310067 0.000482212753053
              0.0         0.2699752      2.700293e-06         0.3199664      0.0003561641         0.2797589      0.0006152503         0.3199361      0.0003360485   0.0471538861936  0.00360048997361   0.0588285794198  0.00221439950136  0.00222036409199 0.000417516808375 6.44123529221e+15 2.44629140287e+17
              0.0         0.2699749      2.446586e-06         0.3199507      1.530999e-07         0.2797785      0.0001804088         0.3199507      1.530999e-07   0.0494182542309  0.00310358935127   0.0594880771349  0.00226232776118  0.00244810710543 0.000488933429852  0.00355458366973 0.000438676812021
              0.0         0.2699749      1.026654e-06         0.3199502      4.985182e-06         0.2797705      0.0002212911         0.3199502      4.985182e-06   0.0476226076874  0.00316755460588     0.05877221813  0.00222823464972  0.00227772360174 0.000495580547783 2.46110787132e+14   1.124594344e+16
