*            NAME                 S          ALFPROPY       ERRALFPROPY           ALFYMDL           MODEL_S
$          %bpm_s               %le               %le               %le               %le               %le
     BPMSY.4L1.B1               0.0    -1.11177905639   0.0172407822224      -1.166190155       23461.05512
         MQXA.3L1           11.3495     7.25040929896    0.116378269334       7.993593674       23472.40462
         MQSX.3L1            11.818     7.06579053598    0.283200197905       7.791197259       23472.87312
         TASB.3L1           13.5725     6.38231345778    0.257360661034       7.033236722       23474.62762
        MQXB.B2L1           19.7645       1.544163521   0.0730269688922       1.749511231       23480.81962
        MQXB.A2L1           26.2645    -1.19941035478   0.0277799096547      -1.164349424       23487.31962
      BPMS.2L1.B1           26.7855    -1.22157176645   0.0684762041169      -1.185435891       23487.84062
