@ GetLLMVersion %s "V2.38 PRO"
@ MAD_FILE %s "/user/slops/data/LHC_DATA/OP_DATA/Betabeat/2012-10-10/LHCB1/Results/19-45-55_WANALYSIS_SUSSIX_7//twiss_0.0.dat"
@ FILES %s "/user/slops/data/LHC_DATA/OP_DATA/Betabeat/2012-10-10/LHCB1/Measurements/Beam1@BunchTurn@2012_10_10@16_48_26_601_1.new/Beam1@BunchTurn@2012_10_10@16_48_26_601_1.sdds.new.new/user/slops/data/LHC_DATA/OP_DATA/Betabeat/2012-10-10/LHCB1/Measurements/Beam1@BunchTurn@2012_10_10@16_48_26_601_1235.new/Beam1@BunchTurn@2012_10_10@16_48_26_601_1235.sdds.new.new/user/slops/data/LHC_DATA/OP_DATA/Betabeat/2012-10-10/LHCB1/Measurements/Beam1@BunchTurn@2012_10_10@16_48_26_601_2609.new/Beam1@BunchTurn@2012_10_10@16_48_26_601_2609.sdds.new.new"
* NAME  BETY  BETYSTD  BETYMDL  ALFY  ALFYSTD  ALFYMDL  BETY*  BETY*STD  BETY*MDL  SY*  SY*STD  SY*MDL  rt(2JYD)  rt(2JYD)STD
"IP1" 0.360204699083 0.015916401103 0.3999997285 0.251349045819 0.231867745417 9.59556707869e-07 0.320095410179 0.0320325543338 0.3999997285 0.0793834960175 0.0779012772523 3.83822422628e-07 0.0118139560275 0.000530798343869 
"IP5" 0.568261132203 0.116513699401 0.399999842309 -0.839902945446 0.505906130437 -7.65184076101e-07 0.324500831214 0.0895747448341 0.399999842308 -0.217954914836 0.0641581779003 -3.06073509777e-07 0.0112566637442 0.00175588637037 
"IP8" 2.77912835351 0.154833684077 3.00000126927 0.173582150397 0.160912025612 -5.14804159302e-07 2.6972512148 0.207538618878 3.00000126926 0.450916036928 0.422183154529 -1.54441313133e-06 0.011620022325 0.000380871538804 
"IP2" 50.0166022443 0.813780902358 2.99999656668 -0.0169128243657 0.0219300528556 3.49586882109e-07 49.9461912439 0.745039482415 2.99999656668 1.49029779112 1.11979549927 1.04875944608e-06 0.0208887432831 0.000436330049304 
