@ GetLLMVersion %s "V2.38 PRO"
@ MAD_FILE %s "/user/slops/data/LHC_DATA/OP_DATA/Betabeat/2012-10-10/LHCB1/Results/19-45-55_WANALYSIS_SUSSIX_7//twiss_-0.000637.dat"
@ FILES %s ""
* NAME  2L  BETX*  BETX*STD  BETX*MDL  BETY*  BETY*STD  BETY*MDL  PHX  PHXSTD  PHXMDL  PHY  PHYSTD  PHYMDL
"IP1" 42.95 0.404956669635 0.0608074331165 0.320139476648 0.396783276195 0.0631042570187 0.444242672115 0.493998303333 0.00180197689231 0.49525512 0.49411941 0.00187006789034 0.4934162 
"IP5" 42.95 0.251064808744 0.0154566390561 0.31207153125 0.383446528854 0.0847583964279 0.433219250655 0.4962788 0.000458144693301 0.49537464 0.494317026667 0.00251183578329 0.49357954 
"IP8" 43.19 4.03477625894 0.0668014767245 3.70329781805 3.74365015805 0.137091988404 3.42495669329 0.441205366667 0.00190287815151 0.44581297 0.445361693333 0.00392355303826 0.44990179 
"IP2" 43.19 38.9059128308 0.265600647944 2.51731874267 51.2829420362 0.412917069488 3.41805466444 0.161293179133 0.00184414125447 0.4630501922 0.126865139767 0.00183339209951 0.4500318225 
