@ GetLLMVersion %s "V2.38 PRO"
@ MAD_FILE %s "/user/slops/data/LHC_DATA/OP_DATA/Betabeat/2012-10-10/LHCB1/Results/19-45-55_WANALYSIS_SUSSIX_7//twiss_0.000637.dat"
@ FILES %s ""
* NAME  BETY  BETYSTD  BETYMDL  ALFY  ALFYSTD  ALFYMDL  BETY*  BETY*STD  BETY*MDL  SY*  SY*STD  SY*MDL  rt(2JY)  rt(2JY)STD
"IP1" 0.433938501002 0.0899905613417 0.369770594326 -0.0304416027714 0.0668696397291 -0.0573958934388 0.43139117078 0.0885864021394 0.368556462978 -0.012315214994 0.0327176410584 -0.0211536274752 0.0135594364926 0.00149730992199 
"IP5" 0.397741911062 0.127360678886 0.34826552564 -0.450405704673 0.224249000937 -0.0714247120448 0.311758343106 0.0772362029293 0.346497870396 -0.150642989453 0.0834092122122 -0.0247485106172 0.0117011201458 0.00146174150749 
"IP8" 2.37449390479 0.195568357703 2.55368065947 0.0956329459546 0.0720662445298 0.103759427751 2.34235917075 0.206287164497 2.52648052254 0.218154391185 0.158823349609 0.262146173243 0.0119372948937 0.000451279734139 
"IP2" 49.7777649199 0.652095105592 2.63863749846 0.0573845438491 0.0143479342653 0.0890032609377 49.6035244137 0.590434682426 2.61789959618 2.85271309449 0.735075170229 0.233001600867 0.0220156203636 0.000350201183127 
