@ GetLLMVersion %s "V2.38 PRO"
@ MAD_FILE %s "/user/slops/data/LHC_DATA/OP_DATA/Betabeat/2012-10-10/LHCB1/Results/19-45-55_WANALYSIS_SUSSIX_7//twiss_0.000637.dat"
@ FILES %s ""
* NAME  2L  BETX*  BETX*STD  BETX*MDL  BETY*  BETY*STD  BETY*MDL  PHX  PHXSTD  PHXMDL  PHY  PHYSTD  PHYMDL
"IP1" 42.95 0.579107582386 0.0662573124275 0.432961738693 0.407048741466 0.0442938730056 0.344222529567 0.491418346667 0.00196275034924 0.49358334 0.493967305 0.0013126066606 0.49489825 
"IP5" 42.95 0.458824877761 0.00685417098923 0.444018417734 0.314422756862 0.038624645699 0.34914382275 0.493200173333 0.000203097080618 0.49341945 0.49533985 0.00114477034329 0.49482532 
"IP8" 43.19 2.38148430552 0.264944067971 2.41542919317 2.31090729248 0.103112056736 2.49420717133 0.46503824 0.00771669398814 0.46452462 0.466066406667 0.00300532430651 0.46338329 
"IP2" 43.19 45.1595663558 0.972599822716 3.15947202605 48.9225271011 0.310553999378 2.48429008036 0.141982289967 0.00533621310815 0.4537541391 0.132318044467 0.00149293610974 0.4635407938 
