@ MAD_FILE %s "/user/slops/data/LHC_DATA/OP_DATA/Betabeat/2012-10-10/LHCB1/Results/19-45-55_WANALYSIS_SUSSIX_7//twiss_0.000637.dat"
* NAME  BETASTARH  BETASTARHMDL   H   PHIH PHIXH   PHIHMDL  BETASTARV  BETASTARVMDL  V   PHIV  PHIYV  PHIVMDL
$  %s  %le    %le   %le  %le    %le    %le    %le   %le   %le   %le   %le   %le  
"IP1" 0 0 0 0 0 0 0 0 0 0 0 0
"IP2" 0 0 0 0 0 0 0 0 0 0 0 0
"IP3" 0 0 0 0 0 0 0 0 0 0 0 0
"IP4" 0 0 0 0 0 0 0 0 0 0 0 0
"IP5" 0 0 0 0 0 0 0 0 0 0 0 0
"IP6" 0 0 0 0 0 0 0 0 0 0 0 0
"IP7" 0 0 0 0 0 0 0 0 0 0 0 0
"IP8" 0 0 0 0 0 0 0 0 0 0 0 0
