@ GetLLMVersion %s "V3.0.0 Dev"
@ Command %s "/usr/bin/python '/afs/cern.ch/work/j/jcoellod/public/Beta-Beat.src/GetLLM/GetLLM.py' '--accel=LHCB1' '--model=/afs/cern.ch/work/j/jcoellod/public/betabeatGui/temp/2014-11-25/models/LHCB1/mod_disp/twiss.dat' '--files=/afs/cern.ch/work/j/jcoellod/public/betabeatGui/temp/2014-11-25/LHCB1/Measurements/Beam1.-0.0008dp_0.new/Beam1.-0.0008dp_0.sdds.new.new,/afs/cern.ch/work/j/jcoellod/public/betabeatGui/temp/2014-11-25/LHCB1/Measurements/Beam1.0.0008dp_0.new/Beam1.0.0008dp_0.sdds.new.new,/afs/cern.ch/work/j/jcoellod/public/betabeatGui/temp/2014-11-25/LHCB1/Measurements/Beam1.0dp_0.new/Beam1.0dp_0.sdds.new.new' '--output=/afs/cern.ch/work/j/jcoellod/public/betabeatGui/temp/2014-11-25/LHCB1/Results/17-47-28_NORMALANALYSIS_SUSSIX_3' '--tbtana=SUSSIX' '--bpmu=mm'"
@ Date %s "25. November 2014, 17:47:28"
@ FILES %s "/afs/cern.ch/work/j/jcoellod/public/betabeatGui/temp/2014-11-25/LHCB1/Measurements/Beam1.0dp_0.new/Beam1.0dp_0.sdds.new.new"
*            NAME              BETY           BETYSTD           BETYMDL              ALFY           ALFYSTD           ALFYMDL             BETY*          BETY*STD          BETY*MDL               SY*            SY*STD            SY*MDL           rt(2JY)        rt(2JY)STD
$              %s               %le               %le               %le               %le               %le               %le               %le               %le               %le               %le               %le               %le               %le               %le
            "IP1"     12.8556490403               0.0     11.0001744672   0.0886379705898               0.0 0.000364154427181     12.7554335553               0.0     11.0001730085     1.13061574433               0.0  0.00400576170081   0.0147164933278               0.0
            "IP5"     12.0734975529               0.0     11.0001344527  -0.0761348547171               0.0 -2.56900115847e-06     12.0039166567               0.0     11.0001344526   -0.913916450696               0.0 -2.82593581521e-05   0.0152182105312               0.0
            "IP8"     12.3731672589               0.0     10.0000137812   0.0584763382268               0.0 1.08303634505e-06     12.3310016192               0.0     10.0000137812    0.721071821357               0.0  1.0830378376e-05    0.014813995908               0.0
            "IP2"     100.096378879               0.0     9.99977803705    0.290728930854               0.0 -6.6240567187e-06     92.2952764983               0.0     9.99977803662     26.8329070592               0.0 -6.62390968889e-05   0.0114641083017               0.0
