@ GetLLMVersion %s "V3.0.0 Dev"
@ Command %s "/usr/bin/python '/afs/cern.ch/work/j/jcoellod/public/Beta-Beat.src/GetLLM/getsuper.py' '--twissfile=/afs/cern.ch/work/j/jcoellod/public/betabeatGui/temp/2014-11-25/models/LHCB1/mod_disp/twiss.dat' '--output=/afs/cern.ch/work/j/jcoellod/public/betabeatGui/temp/2014-11-25/LHCB1/Results/17-46-18_WANALYSIS_SUSSIX_2' '--algorithm=SUSSIX' '--accel=LHCB1' '--files=/afs/cern.ch/work/j/jcoellod/public/betabeatGui/temp/2014-11-25/LHCB1/Measurements/Beam1.-0.0008dp_0.new/Beam1.-0.0008dp_0.sdds.new.new,/afs/cern.ch/work/j/jcoellod/public/betabeatGui/temp/2014-11-25/LHCB1/Measurements/Beam1.0.0008dp_0.new/Beam1.0.0008dp_0.sdds.new.new,/afs/cern.ch/work/j/jcoellod/public/betabeatGui/temp/2014-11-25/LHCB1/Measurements/Beam1.0dp_0.new/Beam1.0dp_0.sdds.new.new' '--madxbin=/afs/cern.ch/group/si/slap/bin/madx'"
@ Date %s "25. November 2014, 17:46:25"
@ FILES %s ""
*            NAME                2L             BETX*          BETX*STD          BETX*MDL             BETY*          BETY*STD          BETY*MDL               PHX            PHXSTD            PHXMDL               PHY            PHYSTD            PHYMDL
$              %s               %le               %le               %le               %le               %le               %le               %le               %le               %le               %le               %le               %le               %le
            "IP1"             42.95     12.5629604636               0.0     10.9156832379     13.4064950092               0.0      11.097526339         0.3315122               0.0        0.35030691         0.3223563               0.0        0.34817155
            "IP5"             42.95     12.5977398167               0.0     11.0110812278     11.8501803179               0.0       11.00463549         0.3311284               0.0        0.34918299        0.33949735               0.0        0.34926035
            "IP8"             43.19     9.55478782652               0.0     9.79955882133     12.4891123131               0.0     9.90701197346         0.3674046               0.0        0.36439932         0.3330987               0.0        0.36308774
            "IP2"             43.19     61.0580183514               0.0     10.1662301431     94.7855914059               0.0     9.98079435148        0.10820927               0.0      0.3599437754        0.07130346               0.0      0.3621906429
