@ GetLLMVersion %s "V3.0.0 Dev"
@ Command %s "/usr/bin/python '/afs/cern.ch/work/j/jcoellod/public/Beta-Beat.src/GetLLM/getsuper.py' '--twissfile=/afs/cern.ch/work/j/jcoellod/public/betabeatGui/temp/2014-11-25/models/LHCB1/mod_disp/twiss.dat' '--output=/afs/cern.ch/work/j/jcoellod/public/betabeatGui/temp/2014-11-25/LHCB1/Results/17-46-18_WANALYSIS_SUSSIX_2' '--algorithm=SUSSIX' '--accel=LHCB1' '--files=/afs/cern.ch/work/j/jcoellod/public/betabeatGui/temp/2014-11-25/LHCB1/Measurements/Beam1.-0.0008dp_0.new/Beam1.-0.0008dp_0.sdds.new.new,/afs/cern.ch/work/j/jcoellod/public/betabeatGui/temp/2014-11-25/LHCB1/Measurements/Beam1.0.0008dp_0.new/Beam1.0.0008dp_0.sdds.new.new,/afs/cern.ch/work/j/jcoellod/public/betabeatGui/temp/2014-11-25/LHCB1/Measurements/Beam1.0dp_0.new/Beam1.0dp_0.sdds.new.new' '--madxbin=/afs/cern.ch/group/si/slap/bin/madx'"
@ Date %s "25. November 2014, 17:46:25"
@ FILES %s "/afs/cern.ch/work/j/jcoellod/public/betabeatGui/temp/2014-11-25/LHCB1/Measurements/Beam1.0dp_0.new/Beam1.0dp_0.sdds.new.new"
*            NAME              BETX           BETXSTD           BETXMDL              ALFX           ALFXSTD           ALFXMDL             BETX*          BETX*STD          BETX*MDL               SX*            SX*STD            SX*MDL           rt(2JX)        rt(2JX)STD
$              %s               %le               %le               %le               %le               %le               %le               %le               %le               %le               %le               %le               %le               %le               %le
            "IP1"     13.4773508903               0.0     10.9937205303    0.163456469799               0.0 -8.67296706832e-05     13.1266332726               0.0     10.9937204476     2.14563313508               0.0 -0.000953481754005   0.0133231343163               0.0
            "IP5"     12.4083471653               0.0     11.0024118217   -0.136843787563               0.0  0.00114988462114      12.180256967               0.0      11.002397274    -1.66679249685               0.0    0.012651487421   0.0128514369516               0.0
            "IP8"     9.51627483213               0.0     10.0100352291   -0.115166579105               0.0 0.000837091475548     9.39170938848               0.0     10.0100282149    -1.08161104222               0.0  0.00837930928867   0.0131110375916               0.0
            "IP2"     64.9536401552               0.0     10.0040744339   -0.445610162836               0.0 0.000809426382249     54.1926845575               0.0     10.0040678795    -24.1488109902               0.0   0.0080975564715   0.0121641848209               0.0
