@ GetLLMVersion %s "V3.0.0 Dev"
@ Command %s "/usr/bin/python '/afs/cern.ch/work/j/jcoellod/public/Beta-Beat.src/GetLLM/getsuper.py' '--twissfile=/afs/cern.ch/work/j/jcoellod/public/betabeatGui/temp/2014-11-25/models/LHCB1/mod_disp/twiss.dat' '--output=/afs/cern.ch/work/j/jcoellod/public/betabeatGui/temp/2014-11-25/LHCB1/Results/17-46-18_WANALYSIS_SUSSIX_2' '--algorithm=SUSSIX' '--accel=LHCB1' '--files=/afs/cern.ch/work/j/jcoellod/public/betabeatGui/temp/2014-11-25/LHCB1/Measurements/Beam1.-0.0008dp_0.new/Beam1.-0.0008dp_0.sdds.new.new,/afs/cern.ch/work/j/jcoellod/public/betabeatGui/temp/2014-11-25/LHCB1/Measurements/Beam1.0.0008dp_0.new/Beam1.0.0008dp_0.sdds.new.new,/afs/cern.ch/work/j/jcoellod/public/betabeatGui/temp/2014-11-25/LHCB1/Measurements/Beam1.0dp_0.new/Beam1.0dp_0.sdds.new.new' '--madxbin=/afs/cern.ch/group/si/slap/bin/madx'"
@ Date %s "25. November 2014, 17:46:25"
@ FILES %s ""
*            NAME              BETY           BETYSTD           BETYMDL              ALFY           ALFYSTD           ALFYMDL             BETY*          BETY*STD          BETY*MDL               SY*            SY*STD            SY*MDL           rt(2JY)        rt(2JY)STD
$              %s               %le               %le               %le               %le               %le               %le               %le               %le               %le               %le               %le               %le               %le               %le
            "IP1"     13.4638382949               0.0     11.0993006863   0.0771452578872               0.0  -0.0126446328001     13.3841837865               0.0      11.097526339     1.03252630982               0.0   -0.140324145546    0.016695162087               0.0
            "IP5"     11.8966010929               0.0     11.0063387551  -0.0715177406379               0.0   0.0124409428745     11.8360621534               0.0       11.00463549   -0.846488423264               0.0    0.136908041485   0.0164888405388               0.0
            "IP8"     12.5318511528               0.0     9.90765533213   0.0676061335113               0.0 -0.00805851903229      12.474833811               0.0     9.90701197346    0.843375280156               0.0  -0.0798358445413   0.0163084167274               0.0
            "IP2"     94.8427945633               0.0      9.9813424243    0.110621888943               0.0  0.00741031340935      93.696215024               0.0     9.98079435148     10.3648522927               0.0   0.0739608142187   0.0129992323412               0.0
