@ GetLLMVersion %s "V3.0.0 Dev"
@ Command %s "/usr/bin/python '/afs/cern.ch/work/j/jcoellod/public/Beta-Beat.src/GetLLM/getsuper.py' '--twissfile=/afs/cern.ch/work/j/jcoellod/public/betabeatGui/temp/2014-11-25/models/LHCB1/mod_disp/twiss.dat' '--output=/afs/cern.ch/work/j/jcoellod/public/betabeatGui/temp/2014-11-25/LHCB1/Results/17-46-18_WANALYSIS_SUSSIX_2' '--algorithm=SUSSIX' '--accel=LHCB1' '--files=/afs/cern.ch/work/j/jcoellod/public/betabeatGui/temp/2014-11-25/LHCB1/Measurements/Beam1.-0.0008dp_0.new/Beam1.-0.0008dp_0.sdds.new.new,/afs/cern.ch/work/j/jcoellod/public/betabeatGui/temp/2014-11-25/LHCB1/Measurements/Beam1.0.0008dp_0.new/Beam1.0.0008dp_0.sdds.new.new,/afs/cern.ch/work/j/jcoellod/public/betabeatGui/temp/2014-11-25/LHCB1/Measurements/Beam1.0dp_0.new/Beam1.0dp_0.sdds.new.new' '--madxbin=/afs/cern.ch/group/si/slap/bin/madx'"
@ Date %s "25. November 2014, 17:46:25"
# Calculates the kick from the model beta function
@ FILES %s ""
*             DPP                QX             QXRMS                QY             QYRMS             NATQX          NATQXRMS             NATQY          NATQYRMS           sqrt2JX        sqrt2JXSTD           sqrt2JY        sqrt2JYSTD               2JX            2JXSTD               2JY            2JYSTD
$             %le               %le               %le               %le               %le               %le               %le               %le               %le               %le               %le               %le               %le               %le               %le               %le               %le
              0.0         0.2693358      4.190567e-06         0.3067736      1.362586e-06         0.2693358      4.190567e-06         0.3067736      1.362586e-06    0.130025053139   0.0113560116554    0.120203783237   0.0075989014474   0.0169065144438  0.00295313203789   0.0144489495045  0.00182683340485
