@ MAD_FILE %s "./data\run1\input/model/twiss.dat"
