*            NAME                 S          BETPROPX       ERRBETPROPX          ALFPROPX       ERRALFPROPX          BETPROPY       ERRBETPROPY          ALFPROPY       ERRALFPROPY           BETXMDL           BETYMDL           ALFXMDL           ALFYMDL             MDL_S
$          %bpm_s               %le               %le               %le               %le               %le               %le               %le               %le               %le               %le               %le               %le               %le               %le
        MQXB.A2L1           26.2645     60.6934444074     1.69730760039    -1.16111878329   0.0759099851114     186.798847738     41.0881359278     8.77518121284    0.674872968996       58.20132241       169.8447074      -1.164251352       10.12046729       3163.202584
