*            NAME                 S          ALFPROPY       ERRALFPROPY           ALFYMDL           MODEL_S
$          %bpm_s               %le               %le               %le               %le               %le
     BPMSY.4L1.B2               0.0   -0.201653160198   0.0113286199644     -0.1219580551       3136.938084
         MQXA.3L1           11.3495     -6.7017221646     0.21868761992      -7.605544817       3148.287584
         MQSX.3L1            11.818    -6.85848221164    0.578712318814      -7.788858389       3148.756084
         TASB.3L1           13.5725    -7.47549334865    0.676997638717      -8.475355001       3150.510584
        MQXB.B2L1           19.7645     1.10053837366   0.0712224873637       1.423017287       3156.702584
        MQXB.A2L1           26.2645     8.77518121284    0.674872968996       10.12046729       3163.202584
      BPMS.2L1.B2           26.7855      8.4880613832     1.14015734506       9.803213779       3163.723584
