*            NAME                 S          BETPROPX       ERRBETPROPX           BETXMDL           MODEL_S
$          %bpm_s               %le               %le               %le               %le               %le
     BPMSY.4L1.B2               0.0     198.525700824      4.4177420629        187.190329       3136.938084
         MQXA.3L1           11.3495     160.197550324     9.73212748489       150.2174843       3148.287584
         MQSX.3L1            11.818     151.117376209     2.63231592218       142.8225071       3148.756084
         TASB.3L1           13.5725     124.066096788     3.77418879765       116.8137451       3150.510584
        MQXB.B2L1           19.7645     68.7544040049      9.3767857401       64.28347237       3156.702584
        MQXB.A2L1           26.2645     60.6934444074     1.69730760039       58.20132241       3163.202584
      BPMS.2L1.B2           26.7855     60.9705528233     2.50854916554       59.42545788       3163.723584
