@ GetLLMVersion %s "V2.38 PRO"
@ MAD_FILE %s "/user/slops/data/LHC_DATA/OP_DATA/Betabeat/2012-10-10/LHCB2/Results/19-26-44_WANALYSIS_SUSSIX_5//twiss_0.000631.dat"
@ FILES %s ""
* NAME  BETY  BETYSTD  BETYMDL  ALFY  ALFYSTD  ALFYMDL  BETY*  BETY*STD  BETY*MDL  SY*  SY*STD  SY*MDL  rt(2JYD)  rt(2JYD)STD
"IP1" 0.935817764718 0.0876968975448 0.407770912021 1.15175934892 0.222347393806 0.128427216145 0.407017113055 0.0652694140865 0.401154451086 0.455837915515 0.0310245890089 0.0515191493973 0.0165849583133 0.00136935915606 
"IP5" 0.529347015503 0.0302311798511 0.409860297883 0.236369873917 0.103986311993 -0.0984393510548 0.497103303103 0.0329243636643 0.405926743591 0.116115536234 0.0467195567005 -0.0399591652149 0.0177955201021 0.00062815728241 
"IP8" 49.4510027287 1.25535701459 2.99935501819 -0.17227146101 0.00855118144906 0.00341075770834 48.0227330094 1.22824186314 2.9993201263 -8.27186845932 0.435317064442 0.0102299542406 0.0278789914547 5.39639775365e-05 
"IP2" 3.16732943137 0.0699662070554 3.45669726036 0.143803282191 0.0339232912028 0.227767093559 3.09929419244 0.0365889429272 3.28621547069 0.446896751056 0.111139407017 0.748491746568 0.0170345193572 0.000137359434708 
