@ GetLLMVersion %s "V2.38 PRO"
@ MAD_FILE %s "/user/slops/data/LHC_DATA/OP_DATA/Betabeat/2012-10-10/LHCB2/Results/19-26-44_WANALYSIS_SUSSIX_5//twiss_-0.00065.dat"
@ FILES %s ""
* NAME  BETY  BETYSTD  BETYMDL  ALFY  ALFYSTD  ALFYMDL  BETY*  BETY*STD  BETY*MDL  SY*  SY*STD  SY*MDL  rt(2JYD)  rt(2JYD)STD
"IP1" 0.665085093158 0.120182805835 0.375953569237 1.18959438789 0.457619638785 -0.189043524936 0.28040755655 0.0759343544724 0.362981533273 0.299086548566 0.0645704991073 -0.0686193085364 0.0121737229766 0.00157530067102 
"IP5" 0.624739867334 0.134718352664 0.366878809988 0.769559986885 0.101535139375 0.150870252898 0.386036725697 0.0462738160277 0.358713825717 0.300833564446 0.0737496225354 0.0541192456041 0.0143756250353 0.00081892443545 
"IP8" 47.4285412709 1.17746628069 3.27197143527 -0.094940458107 0.0182053532683 0.0493207668417 46.9899777466 1.17683872885 3.26403155435 -4.45899945507 0.845426140485 0.160984539256 0.0240238913622 0.000135939149211 
"IP2" 3.10157622398 0.104771966341 2.6774205868 -0.478213492121 0.0548599726749 -0.293791883805 2.51924967767 0.0253634248802 2.46468461026 -1.20334864245 0.12521262272 -0.724104334632 0.0149260971903 0.000135233462734 
