@ GetLLMVersion %s "V2.38 PRO"
@ MAD_FILE %s "/user/slops/data/LHC_DATA/OP_DATA/Betabeat/2012-10-10/LHCB2/Results/19-26-44_WANALYSIS_SUSSIX_5//twiss_0.0.dat"
@ FILES %s "/user/slops/data/LHC_DATA/OP_DATA/Betabeat/2012-10-10/LHCB2/Measurements/Beam2@BunchTurn@2012_10_10@16_54_43_760_827.new/Beam2@BunchTurn@2012_10_10@16_54_43_760_827.sdds.new.new/user/slops/data/LHC_DATA/OP_DATA/Betabeat/2012-10-10/LHCB2/Measurements/Beam2@BunchTurn@2012_10_10@16_54_43_760_1391.new/Beam2@BunchTurn@2012_10_10@16_54_43_760_1391.sdds.new.new/user/slops/data/LHC_DATA/OP_DATA/Betabeat/2012-10-10/LHCB2/Measurements/Beam2@BunchTurn@2012_10_10@16_54_43_760_1964.new/Beam2@BunchTurn@2012_10_10@16_54_43_760_1964.sdds.new.new/user/slops/data/LHC_DATA/OP_DATA/Betabeat/2012-10-10/LHCB2/Measurements/Beam2@BunchTurn@2012_10_10@16_56_09_152_827.new/Beam2@BunchTurn@2012_10_10@16_56_09_152_827.sdds.new.new/user/slops/data/LHC_DATA/OP_DATA/Betabeat/2012-10-10/LHCB2/Measurements/Beam2@BunchTurn@2012_10_10@16_56_09_152_1391.new/Beam2@BunchTurn@2012_10_10@16_56_09_152_1391.sdds.new.new/user/slops/data/LHC_DATA/OP_DATA/Betabeat/2012-10-10/LHCB2/Measurements/Beam2@BunchTurn@2012_10_10@16_56_09_152_1964.new/Beam2@BunchTurn@2012_10_10@16_56_09_152_1964.sdds.new.new"
* NAME  BETX  BETXSTD  BETXMDL  ALFX  ALFXSTD  ALFXMDL  BETX*  BETX*STD  BETX*MDL  SX*  SX*STD  SX*MDL  rt(2JXD)  rt(2JXD)STD
"IP1" 0.808298259183 0.327486283749 0.400000050274 -0.485791209137 0.423056715009 2.87693538326e-07 0.603914083252 0.31119525474 0.400000050274 -0.247750837749 0.15767581097 1.15077429794e-07 0.0142989629602 0.00373254540757 
"IP5" 0.413176589256 0.114646619858 0.399999960358 -0.313458814227 0.285378616478 2.39283941994e-07 0.371859555763 0.118831613588 0.399999960358 -0.0990637258117 0.0940150582759 9.57135673119e-08 0.0119961345497 0.00205012758163 
"IP8" 42.2232895664 1.29520709812 2.99999937626 -0.0839675326542 0.0121514796174 -1.349745542e-07 41.7390114237 1.23383650865 2.99999937626 -4.39908237625 0.572336583144 -4.04923578411e-07 0.0219233353462 0.000367428972461 
"IP2" 3.22015459406 0.182187608621 2.99999945359 0.111689419543 0.0543500540973 2.68588644659e-07 3.18631877872 0.185039887412 2.99999945359 0.370349806058 0.176905860177 8.05765787216e-07 0.0128512773302 0.000398779634307 
