@ GetLLMVersion %s "V2.38 PRO"
@ MAD_FILE %s "/user/slops/data/LHC_DATA/OP_DATA/Betabeat/2012-10-10/LHCB2/Results/19-26-44_WANALYSIS_SUSSIX_5//twiss_0.0.dat"
@ FILES %s "/user/slops/data/LHC_DATA/OP_DATA/Betabeat/2012-10-10/LHCB2/Measurements/Beam2@BunchTurn@2012_10_10@16_54_43_760_827.new/Beam2@BunchTurn@2012_10_10@16_54_43_760_827.sdds.new.new/user/slops/data/LHC_DATA/OP_DATA/Betabeat/2012-10-10/LHCB2/Measurements/Beam2@BunchTurn@2012_10_10@16_54_43_760_1391.new/Beam2@BunchTurn@2012_10_10@16_54_43_760_1391.sdds.new.new/user/slops/data/LHC_DATA/OP_DATA/Betabeat/2012-10-10/LHCB2/Measurements/Beam2@BunchTurn@2012_10_10@16_54_43_760_1964.new/Beam2@BunchTurn@2012_10_10@16_54_43_760_1964.sdds.new.new/user/slops/data/LHC_DATA/OP_DATA/Betabeat/2012-10-10/LHCB2/Measurements/Beam2@BunchTurn@2012_10_10@16_56_09_152_827.new/Beam2@BunchTurn@2012_10_10@16_56_09_152_827.sdds.new.new/user/slops/data/LHC_DATA/OP_DATA/Betabeat/2012-10-10/LHCB2/Measurements/Beam2@BunchTurn@2012_10_10@16_56_09_152_1391.new/Beam2@BunchTurn@2012_10_10@16_56_09_152_1391.sdds.new.new/user/slops/data/LHC_DATA/OP_DATA/Betabeat/2012-10-10/LHCB2/Measurements/Beam2@BunchTurn@2012_10_10@16_56_09_152_1964.new/Beam2@BunchTurn@2012_10_10@16_56_09_152_1964.sdds.new.new"
* NAME  BETX  BETXSTD  BETXMDL  ALFX  ALFXSTD  ALFXMDL  BETX*  BETX*STD  BETX*MDL  SX*  SX*STD  SX*MDL  rt(2JXD)  rt(2JXD)STD
"IP1" 0.777625319614 0.314674127517 0.400000050274 -0.492852510847 0.428977739964 2.87693538326e-07 0.600993129573 0.309146240469 0.400000050274 -0.235212694001 0.158186552112 1.15077429794e-07 0.0142989629602 0.00373254540757 
"IP5" 0.42257493522 0.116252273963 0.399999960358 -0.310563045596 0.281394252204 2.39283941994e-07 0.369474655442 0.119607712742 0.399999960358 -0.0975783150217 0.0920230888055 9.57135673119e-08 0.0119961345497 0.00205012758163 
"IP8" 42.1641635061 1.23371678173 2.99999937626 -0.171247632957 0.0121806619303 -1.349745542e-07 40.9554548376 1.13156974753 2.99999937626 -7.01805999288 0.594344653057 -4.04923578411e-07 0.0219233353462 0.000367428972461 
"IP2" 3.21928782322 0.169441797755 2.99999945359 0.112498712956 0.0578725800106 2.68588644659e-07 3.16933468133 0.172605657781 2.99999945359 0.35472932744 0.175616496723 8.05765787216e-07 0.0128512773302 0.000398779634307 
