@ GetLLMVersion %s "V2.38 PRO"
@ MAD_FILE %s "/user/slops/data/LHC_DATA/OP_DATA/Betabeat/2012-10-10/LHCB2/Results/19-26-44_WANALYSIS_SUSSIX_5//twiss_0.000631.dat"
@ FILES %s ""
* NAME  2L  BETX*  BETX*STD  BETX*MDL  BETY*  BETY*STD  BETY*MDL  PHX  PHXSTD  PHXMDL  PHY  PHYSTD  PHYMDL
"IP1" 42.95 0.423575360031 0.00938142557424 0.367292640168 0.436992026636 0.0351425332714 0.423693758203 0.493722433333 0.000278001322938 0.494556309 0.493523646667 0.00104135839189 0.493720665 
"IP5" 42.95 0.411215473307 0.0521155914271 0.370670055269 0.4938826879 0.0164511174711 0.411966055196 0.493905566667 0.00154438440883 0.49450629 0.49268079 0.00048743051286 0.49389438 
"IP8" 43.19 39.8210607134 0.412385700492 2.12284768935 51.9887944585 0.630939797901 2.80900428562 0.158172333333 0.00276278241674 0.46880865 0.125316233333 0.00273699822108 0.45882578 
"IP2" 43.19 3.06014666472 0.0602349436907 2.96951932794 3.2750905403 0.019145791697 3.38816027665 0.455191833333 0.00174076805335 0.45649909 0.45209032 0.000551727120293 0.45043339 
