@ GetLLMVersion %s "V2.38 PRO"
@ MAD_FILE %s "/user/slops/data/LHC_DATA/OP_DATA/Betabeat/2012-10-10/LHCB2/Results/19-26-44_WANALYSIS_SUSSIX_5//twiss_-0.00065.dat"
@ FILES %s ""
* NAME  BETX  BETXSTD  BETXMDL  ALFX  ALFXSTD  ALFXMDL  BETX*  BETX*STD  BETX*MDL  SX*  SX*STD  SX*MDL  rt(2JXD)  rt(2JXD)STD
"IP1" 0.63370766693 0.245453508249 0.410589429243 -0.343170137365 0.215743698406 0.210038937451 0.504976331475 0.186257381113 0.393241066649 -0.18866275709 0.139933221749 0.0825959358009 0.0127426060208 0.00246014358895 
"IP5" 0.410298255197 0.131480025654 0.385726720345 -0.535465764435 0.259161650142 -0.148335056082 0.310491648129 0.0519282022411 0.377422190856 -0.178293580059 0.10226048298 -0.0559849418473 0.0111567559794 0.000881478683987 
"IP8" 44.8031895986 1.89645365688 4.15618108004 -0.0876778195264 0.0229509926509 0.0314593464042 44.1818146299 1.65894504951 4.15207181411 -4.99129488254 1.18048085633 0.130621465495 0.0184899978197 0.000133307000356 
"IP2" 3.47124746668 0.579552544179 2.89471757152 0.0541909925559 0.0568232746695 -0.0316782274492 3.44834152795 0.549644987738 2.89181560537 0.230318871178 0.251907197299 -0.091607592488 0.0129927263924 0.00102435420827 
