@ GetLLMVersion %s "V2.38 PRO"
@ MAD_FILE %s "/user/slops/data/LHC_DATA/OP_DATA/Betabeat/2012-10-10/LHCB2/Results/19-26-44_WANALYSIS_SUSSIX_5//twiss_0.000631.dat"
@ FILES %s ""
* NAME  BETX  BETXSTD  BETXMDL  ALFX  ALFXSTD  ALFXMDL  BETX*  BETX*STD  BETX*MDL  SX*  SX*STD  SX*MDL  rt(2JXD)  rt(2JXD)STD
"IP1" 0.53937009023 0.0966875615072 0.380810002791 -0.415018314761 0.26274151169 -0.163737324962 0.427106485895 0.0187983706025 0.370867088927 -0.175444222942 0.0996790198174 -0.0607247850571 0.0127606262567 0.000424673631603 
"IP5" 0.450015062074 0.119853929606 0.387515726147 -0.107283160191 0.269200236844 0.114664016814 0.42302695654 0.10422390188 0.382486851465 -0.032399888095 0.122055336526 0.0438574787675 0.0129721977477 0.00167684154438 
"IP8" 40.1244683521 0.80563263429 2.25700613566 -0.11015218065 0.0164540597417 -0.0298798165121 39.4241182844 0.84220239126 2.25499287028 -5.17555183173 0.615139892983 -0.0673787732001 0.0261860615113 0.000107415291953 
"IP2" 2.97712217779 0.127462578374 2.83641569856 0.159045096417 0.0832751846495 -0.0198633028622 2.92481041133 0.120785641154 2.83529702984 0.483095464153 0.250441563442 -0.0563183636081 0.0125243159146 0.000180501878162 
