@ GetLLMVersion %s "V2.38 PRO"
@ MAD_FILE %s "/user/slops/data/LHC_DATA/OP_DATA/Betabeat/2012-10-10/LHCB2/Results/19-26-44_WANALYSIS_SUSSIX_5//twiss_0.0.dat"
@ FILES %s "/user/slops/data/LHC_DATA/OP_DATA/Betabeat/2012-10-10/LHCB2/Measurements/Beam2@BunchTurn@2012_10_10@16_54_43_760_827.new/Beam2@BunchTurn@2012_10_10@16_54_43_760_827.sdds.new.new/user/slops/data/LHC_DATA/OP_DATA/Betabeat/2012-10-10/LHCB2/Measurements/Beam2@BunchTurn@2012_10_10@16_54_43_760_1391.new/Beam2@BunchTurn@2012_10_10@16_54_43_760_1391.sdds.new.new/user/slops/data/LHC_DATA/OP_DATA/Betabeat/2012-10-10/LHCB2/Measurements/Beam2@BunchTurn@2012_10_10@16_54_43_760_1964.new/Beam2@BunchTurn@2012_10_10@16_54_43_760_1964.sdds.new.new/user/slops/data/LHC_DATA/OP_DATA/Betabeat/2012-10-10/LHCB2/Measurements/Beam2@BunchTurn@2012_10_10@16_56_09_152_827.new/Beam2@BunchTurn@2012_10_10@16_56_09_152_827.sdds.new.new/user/slops/data/LHC_DATA/OP_DATA/Betabeat/2012-10-10/LHCB2/Measurements/Beam2@BunchTurn@2012_10_10@16_56_09_152_1391.new/Beam2@BunchTurn@2012_10_10@16_56_09_152_1391.sdds.new.new/user/slops/data/LHC_DATA/OP_DATA/Betabeat/2012-10-10/LHCB2/Measurements/Beam2@BunchTurn@2012_10_10@16_56_09_152_1964.new/Beam2@BunchTurn@2012_10_10@16_56_09_152_1964.sdds.new.new"
* NAME  2L  BETX*  BETX*STD  BETX*MDL  BETY*  BETY*STD  BETY*MDL  PHX  PHXSTD  PHXMDL  PHY  PHYSTD  PHYMDL
"IP1" 42.95 0.603896533474 0.155561494503 0.400000050274 0.342484958616 0.0495555493293 0.400000010625 0.491051194833 0.00460792879258 0.494071747 0.494923999667 0.0014686854765 0.494071747 
"IP5" 42.95 0.371859051371 0.0594184306767 0.399999960358 0.391352033118 0.0100149545834 0.399999997339 0.494488727167 0.00176091311565 0.49407175 0.494199886667 0.00029679168495 0.49407175 
"IP8" 43.19 42.7444010116 0.659825981536 2.99999937626 50.9194555468 0.307073330526 2.99999989176 0.148908166667 0.0039552839154 0.45606129 0.127676983333 0.0013799927061 0.45606128 
"IP2" 43.19 3.1864170452 0.0923146097714 2.99999945359 2.88412385926 0.0282236173285 3.00000011474 0.45336875 0.00266344261984 0.45606129 0.45773816 0.000817450309907 0.45606127 
