@ GetLLMVersion %s "V2.38 PRO"
@ MAD_FILE %s "/user/slops/data/LHC_DATA/OP_DATA/Betabeat/2012-10-10/LHCB2/Results/19-26-44_WANALYSIS_SUSSIX_5//twiss_-0.00065.dat"
@ FILES %s ""
* NAME  BETY  BETYSTD  BETYMDL  ALFY  ALFYSTD  ALFYMDL  BETY*  BETY*STD  BETY*MDL  SY*  SY*STD  SY*MDL  rt(2JYD)  rt(2JYD)STD
"IP1" 0.601566123221 0.104114864842 0.375953569237 1.17374355612 0.44523147914 -0.189043524936 0.278628410708 0.0783794141404 0.362981533273 0.312622400964 0.0691896807459 -0.0686193085364 0.0121737229766 0.00157530067102 
"IP5" 0.602341842853 0.125341565795 0.366878809988 0.788958583376 0.101952672833 0.150870252898 0.394071224633 0.0460492349077 0.358713825717 0.303317207555 0.070683849167 0.0541192456041 0.0143756250353 0.00081892443545 
"IP8" 50.787727967 1.24166483146 3.27197143527 -0.156268561895 0.0187136674064 0.0493207668417 50.5240479974 1.25229630808 3.26403155435 -4.06591107728 0.925888446176 0.160984539256 0.0240238913622 0.000135939149211 
"IP2" 3.14030742818 0.123899826259 2.6774205868 -0.457436252927 0.0546563092449 -0.293791883805 2.52712540637 0.023673048907 2.46468461026 -1.1581700438 0.123533927133 -0.724104334632 0.0149260971903 0.000135233462734 
