@ GetLLMVersion %s "V2.38 PRO"
@ MAD_FILE %s "/user/slops/data/LHC_DATA/OP_DATA/Betabeat/2012-10-10/LHCB2/Results/19-26-44_WANALYSIS_SUSSIX_5//twiss_0.0.dat"
@ FILES %s "/user/slops/data/LHC_DATA/OP_DATA/Betabeat/2012-10-10/LHCB2/Measurements/Beam2@BunchTurn@2012_10_10@16_54_43_760_827.new/Beam2@BunchTurn@2012_10_10@16_54_43_760_827.sdds.new.new/user/slops/data/LHC_DATA/OP_DATA/Betabeat/2012-10-10/LHCB2/Measurements/Beam2@BunchTurn@2012_10_10@16_54_43_760_1391.new/Beam2@BunchTurn@2012_10_10@16_54_43_760_1391.sdds.new.new/user/slops/data/LHC_DATA/OP_DATA/Betabeat/2012-10-10/LHCB2/Measurements/Beam2@BunchTurn@2012_10_10@16_54_43_760_1964.new/Beam2@BunchTurn@2012_10_10@16_54_43_760_1964.sdds.new.new/user/slops/data/LHC_DATA/OP_DATA/Betabeat/2012-10-10/LHCB2/Measurements/Beam2@BunchTurn@2012_10_10@16_56_09_152_827.new/Beam2@BunchTurn@2012_10_10@16_56_09_152_827.sdds.new.new/user/slops/data/LHC_DATA/OP_DATA/Betabeat/2012-10-10/LHCB2/Measurements/Beam2@BunchTurn@2012_10_10@16_56_09_152_1391.new/Beam2@BunchTurn@2012_10_10@16_56_09_152_1391.sdds.new.new/user/slops/data/LHC_DATA/OP_DATA/Betabeat/2012-10-10/LHCB2/Measurements/Beam2@BunchTurn@2012_10_10@16_56_09_152_1964.new/Beam2@BunchTurn@2012_10_10@16_56_09_152_1964.sdds.new.new"
* NAME  2L  BETX*  BETX*STD  BETX*MDL  BETY*  BETY*STD  BETY*MDL  PHX  PHXSTD  PHXMDL  PHY  PHYSTD  PHYMDL
"IP1" 42.95 0.600948709193 0.154524426753 0.400000050274 0.343259640973 0.0471490075105 0.400000010625 0.491094854149 0.00457724475342 0.494071747 0.494912519983 0.00139736081535 0.494071747 
"IP5" 42.95 0.369477956063 0.0598058364324 0.399999960358 0.392561888885 0.0102434015286 0.399999997339 0.494524010074 0.00177240097968 0.49407175 0.494181959737 0.000303561052012 0.49407175 
"IP8" 43.19 41.8784120444 0.609410358307 2.99999937626 47.0185045301 0.296353713401 2.99999989176 0.151546243349 0.00377365107491 0.45606129 0.13704842211 0.00152188466126 0.45606128 
"IP2" 43.19 3.17017439675 0.0863173935023 2.99999945359 2.86277260078 0.026816285956 3.00000011474 0.45360309023 0.00249095187978 0.45606129 0.458047401933 0.000776890120113 0.45606127 
